******************************************************************************
                  TI ARM Linker PC v20.2.7                     
******************************************************************************
>> Linked Tue Mar 11 15:44:26 2025

OUTPUT FILE NAME:   <SPI.out>
ENTRY POINT SYMBOL: "_c_int00_noargs"  address: 00001e45


MEMORY CONFIGURATION

         name            origin    length      used     unused   attr    fill
----------------------  --------  ---------  --------  --------  ----  --------
  FLASH                 00000000   00100000  000020a8  000fdf58  R  X
  SRAM                  20000000   00040000  0000042c  0003fbd4  RW X


SEGMENT ALLOCATION MAP

run origin  load origin   length   init length attrs members
----------  ----------- ---------- ----------- ----- -------
00000000    00000000    000020a8   000020a8    r-x
  00000000    00000000    00000208   00000208    r-- .intvecs
  00000208    00000208    00001d00   00001d00    r-x .text
  00001f08    00001f08    00000158   00000158    r-- .const
  00002060    00002060    00000048   00000048    r-- .cinit
20000000    20000000    0000042c   00000000    rw-
  20000000    20000000    00000208   00000000    rw- .bss
  20000208    20000208    00000200   00000000    rw- .stack
  20000408    20000408    00000024   00000000    rw- .data


SECTION ALLOCATION MAP

 output                                  attributes/
section   page    origin      length       input sections
--------  ----  ----------  ----------   ----------------
.intvecs   0    00000000    00000208     
                  00000000    00000208     tm4c1294ncpdt_startup_ccs.obj (.intvecs)

.text      0    00000208    00001d00     
                  00000208    00000738     rtsv7M4_T_le_v4SPD16_eabi.lib : k_rem_pio2.c.obj (.text:__kernel_rem_pio2)
                  00000940    000005e0                                   : s_sin.c.obj (.text:sin)
                  00000f20    00000440     main.obj (.text)
                  00001360    000001b6     rtsv7M4_T_le_v4SPD16_eabi.lib : fd_add_t2.asm.obj (.text)
                  00001516    00000002     --HOLE-- [fill = 0]
                  00001518    00000174                                   : k_sin.c.obj (.text:__kernel_sin)
                  0000168c    00000170                                   : k_cos.c.obj (.text:__kernel_cos)
                  000017fc    00000110                                   : s_scalbn.c.obj (.text:scalbn)
                  0000190c    000000fc                                   : fd_mul_t2.asm.obj (.text)
                  00001a08    000000f8                                   : s_floor.c.obj (.text:floor)
                  00001b00    0000009c                                   : memcpy_t2.asm.obj (.text)
                  00001b9c    00000086                                   : fd_cmp_t2.asm.obj (.text:__aeabi_cdcmple)
                  00001c22    00000086                                   : fd_cmp_t2.asm.obj (.text:__aeabi_cdrcmple)
                  00001ca8    0000006e                                   : fd_tos_t2.asm.obj (.text)
                  00001d16    00000068                                   : copy_decompress_lzss.c.obj (.text:decompress:lzss:__TI_decompress_lzss)
                  00001d7e    00000048                                   : fd_toi_t2.asm.obj (.text)
                  00001dc6    00000002     --HOLE-- [fill = 0]
                  00001dc8    00000044                                   : autoinit.c.obj (.text:__TI_auto_init_nobinit_nopinit:__TI_auto_init_nobinit_nopinit)
                  00001e0c    00000038                                   : fs_tod_t2.asm.obj (.text)
                  00001e44    00000034                                   : boot_cortex_m.c.obj (.text:_c_int00_noargs:_c_int00_noargs)
                  00001e78    0000002e                                   : i_tofd_t2.asm.obj (.text)
                  00001ea6    0000001c                                   : copy_zero_init.c.obj (.text:decompress:ZI:__TI_zero_init_nomemset:__TI_zero_init_nomemset)
                  00001ec2    0000001a                                   : s_copysign.c.obj (.text:copysign)
                  00001edc    0000000e                                   : copy_decompress_none.c.obj (.text:decompress:none:__TI_decompress_none)
                  00001eea    0000000c     tm4c1294ncpdt_startup_ccs.obj (.text)
                  00001ef6    00000002     --HOLE-- [fill = 0]
                  00001ef8    00000008     rtsv7M4_T_le_v4SPD16_eabi.lib : errno.c.obj (.text:__aeabi_errno_addr)
                  00001f00    00000004                                   : pre_init.c.obj (.text:_system_pre_init)
                  00001f04    00000004                                   : exit.c.obj (.text:abort:abort)

.const     0    00001f08    00000158     
                  00001f08    00000158     rtsv7M4_T_le_v4SPD16_eabi.lib : k_rem_pio2.c.obj (.const:$O1$$)

.cinit     0    00002060    00000048     
                  00002060    00000024     (.cinit..data.load) [load image, compression = lzss]
                  00002084    0000000c     (__TI_handler_table)
                  00002090    00000008     (.cinit..bss.load) [load image, compression = zero_init]
                  00002098    00000010     (__TI_cinit_table)

.init_array 
*          0    00000000    00000000     UNINITIALIZED

.bss       0    20000000    00000208     UNINITIALIZED
                  20000000    00000200     (.common:puntos)
                  20000200    00000004     (.common:UpDown)
                  20000204    00000004     (.common:punto)

.data      0    20000408    00000024     UNINITIALIZED
                  20000408    00000020     main.obj (.data)
                  20000428    00000004     rtsv7M4_T_le_v4SPD16_eabi.lib : errno.c.obj (.data)

.stack     0    20000208    00000200     UNINITIALIZED
                  20000208    00000004     rtsv7M4_T_le_v4SPD16_eabi.lib : boot_cortex_m.c.obj (.stack)
                  2000020c    000001fc     --HOLE--

__llvm_prf_cnts 
*          0    20000000    00000000     UNINITIALIZED

MODULE SUMMARY

       Module                          code   ro data   rw data
       ------                          ----   -------   -------
    .\
       main.obj                        1088   0         552    
       tm4c1294ncpdt_startup_ccs.obj   12     520       0      
    +--+-------------------------------+------+---------+---------+
       Total:                          1100   520       552    
                                                               
    C:\ti\ccs1280\ccs\tools\compiler\ti-cgt-arm_20.2.7.LTS\lib\rtsv7M4_T_le_v4SPD16_eabi.lib
       k_rem_pio2.c.obj                1848   344       0      
       s_sin.c.obj                     1504   0         0      
       fd_add_t2.asm.obj               438    0         0      
       k_sin.c.obj                     372    0         0      
       k_cos.c.obj                     368    0         0      
       s_scalbn.c.obj                  272    0         0      
       fd_cmp_t2.asm.obj               268    0         0      
       fd_mul_t2.asm.obj               252    0         0      
       s_floor.c.obj                   248    0         0      
       memcpy_t2.asm.obj               156    0         0      
       fd_tos_t2.asm.obj               110    0         0      
       copy_decompress_lzss.c.obj      104    0         0      
       fd_toi_t2.asm.obj               72     0         0      
       autoinit.c.obj                  68     0         0      
       fs_tod_t2.asm.obj               56     0         0      
       boot_cortex_m.c.obj             52     0         0      
       i_tofd_t2.asm.obj               46     0         0      
       copy_zero_init.c.obj            28     0         0      
       s_copysign.c.obj                26     0         0      
       copy_decompress_none.c.obj      14     0         0      
       errno.c.obj                     8      0         4      
       exit.c.obj                      4      0         0      
       pre_init.c.obj                  4      0         0      
    +--+-------------------------------+------+---------+---------+
       Total:                          6318   344       4      
                                                               
       Stack:                          0      0         512    
       Linker Generated:               0      72        0      
    +--+-------------------------------+------+---------+---------+
       Grand Total:                    7418   936       1068   


LINKER GENERATED COPY TABLES

__TI_cinit_table @ 00002098 records: 2, size/record: 8, table size: 16
	.data: load addr=00002060, load size=00000024 bytes, run addr=20000408, run size=00000024 bytes, compression=lzss
	.bss: load addr=00002090, load size=00000008 bytes, run addr=20000000, run size=00000208 bytes, compression=zero_init


LINKER GENERATED HANDLER TABLE

__TI_handler_table @ 00002084 records: 3, size/record: 4, table size: 12
	index: 0, handler: __TI_decompress_lzss
	index: 1, handler: __TI_decompress_none
	index: 2, handler: __TI_zero_init


GLOBAL SYMBOLS: SORTED ALPHABETICALLY BY Name 

address   name                          
-------   ----                          
00001f05  C$$EXIT                       
00001159  GPIOJ_Handler                 
00000fe1  GPIO_Init                     
000010d3  GPTM1A_Init                   
20000420  N                             
00001eeb  ResetISR                      
00001059  SSI0_init                     
0000111f  SSI0_sendData                 
20000414  SW1                           
20000415  SW2                           
000011bd  Timer1_Handler                
20000200  UpDown                        
20000408  __STACK_END                   
00000200  __STACK_SIZE                  
20000408  __STACK_TOP                   
00002098  __TI_CINIT_Base               
000020a8  __TI_CINIT_Limit              
00002084  __TI_Handler_Table_Base       
00002090  __TI_Handler_Table_Limit      
00001dc9  __TI_auto_init_nobinit_nopinit
00001d17  __TI_decompress_lzss          
00001edd  __TI_decompress_none          
ffffffff  __TI_pprof_out_hndl           
ffffffff  __TI_prof_data_size           
ffffffff  __TI_prof_data_start          
00000000  __TI_static_base__            
00001ea7  __TI_zero_init_nomemset       
00001b9d  __aeabi_cdcmpeq               
00001b9d  __aeabi_cdcmple               
00001c23  __aeabi_cdrcmple              
00001ca9  __aeabi_d2f                   
00001d7f  __aeabi_d2iz                  
0000136b  __aeabi_dadd                  
0000190d  __aeabi_dmul                  
00001361  __aeabi_dsub                  
00001ef9  __aeabi_errno_addr            
00001e0d  __aeabi_f2d                   
00001e79  __aeabi_i2d                   
00001b01  __aeabi_memcpy                
00001b01  __aeabi_memcpy4               
00001b01  __aeabi_memcpy8               
ffffffff  __binit__                     
ffffffff  __c_args__                    
0000168d  __kernel_cos                  
00000209  __kernel_rem_pio2             
00001519  __kernel_sin                  
UNDEFED   __mpu_init                    
20000208  __stack                       
20000000  __start___llvm_prf_cnts       
20000000  __stop___llvm_prf_cnts        
00001e45  _c_int00_noargs               
UNDEFED   _system_post_cinit            
00001f01  _system_pre_init              
00001f05  abort                         
ffffffff  binit                         
2000040c  cont                          
00001ec3  copysign                      
00001ec3  copysignl                     
20000428  errno                         
00001a09  floor                         
00001a09  floorl                        
20000410  frecuencia                    
00000000  g_pfnVectors                  
20000418  i                             
000017fd  ldexp                         
000017fd  ldexpl                        
00000f21  main                          
00001b01  memcpy                        
20000424  pi                            
00001145  pot_setVal                    
20000204  punto                         
20000000  puntos                        
000017fd  scalbn                        
000017fd  scalbnl                       
2000041c  sen                           
00000941  sin                           
00000941  sinl                          
20000408  x                             


GLOBAL SYMBOLS: SORTED BY Symbol Address 

address   name                          
-------   ----                          
00000000  __TI_static_base__            
00000000  g_pfnVectors                  
00000200  __STACK_SIZE                  
00000209  __kernel_rem_pio2             
00000941  sin                           
00000941  sinl                          
00000f21  main                          
00000fe1  GPIO_Init                     
00001059  SSI0_init                     
000010d3  GPTM1A_Init                   
0000111f  SSI0_sendData                 
00001145  pot_setVal                    
00001159  GPIOJ_Handler                 
000011bd  Timer1_Handler                
00001361  __aeabi_dsub                  
0000136b  __aeabi_dadd                  
00001519  __kernel_sin                  
0000168d  __kernel_cos                  
000017fd  ldexp                         
000017fd  ldexpl                        
000017fd  scalbn                        
000017fd  scalbnl                       
0000190d  __aeabi_dmul                  
00001a09  floor                         
00001a09  floorl                        
00001b01  __aeabi_memcpy                
00001b01  __aeabi_memcpy4               
00001b01  __aeabi_memcpy8               
00001b01  memcpy                        
00001b9d  __aeabi_cdcmpeq               
00001b9d  __aeabi_cdcmple               
00001c23  __aeabi_cdrcmple              
00001ca9  __aeabi_d2f                   
00001d17  __TI_decompress_lzss          
00001d7f  __aeabi_d2iz                  
00001dc9  __TI_auto_init_nobinit_nopinit
00001e0d  __aeabi_f2d                   
00001e45  _c_int00_noargs               
00001e79  __aeabi_i2d                   
00001ea7  __TI_zero_init_nomemset       
00001ec3  copysign                      
00001ec3  copysignl                     
00001edd  __TI_decompress_none          
00001eeb  ResetISR                      
00001ef9  __aeabi_errno_addr            
00001f01  _system_pre_init              
00001f05  C$$EXIT                       
00001f05  abort                         
00002084  __TI_Handler_Table_Base       
00002090  __TI_Handler_Table_Limit      
00002098  __TI_CINIT_Base               
000020a8  __TI_CINIT_Limit              
20000000  __start___llvm_prf_cnts       
20000000  __stop___llvm_prf_cnts        
20000000  puntos                        
20000200  UpDown                        
20000204  punto                         
20000208  __stack                       
20000408  __STACK_END                   
20000408  __STACK_TOP                   
20000408  x                             
2000040c  cont                          
20000410  frecuencia                    
20000414  SW1                           
20000415  SW2                           
20000418  i                             
2000041c  sen                           
20000420  N                             
20000424  pi                            
20000428  errno                         
ffffffff  __TI_pprof_out_hndl           
ffffffff  __TI_prof_data_size           
ffffffff  __TI_prof_data_start          
ffffffff  __binit__                     
ffffffff  __c_args__                    
ffffffff  binit                         
UNDEFED   __mpu_init                    
UNDEFED   _system_post_cinit            

[78 symbols]
