******************************************************************************
                  TI ARM Linker PC v20.2.7                     
******************************************************************************
>> Linked Tue Feb 18 13:57:02 2025

OUTPUT FILE NAME:   <I2C2.out>
ENTRY POINT SYMBOL: "_c_int00_noargs"  address: 000006cd


MEMORY CONFIGURATION

         name            origin    length      used     unused   attr    fill
----------------------  --------  ---------  --------  --------  ----  --------
  FLASH                 00000000   00100000  00000786  000ff87a  R  X
  SRAM                  20000000   00040000  00000231  0003fdcf  RW X


SEGMENT ALLOCATION MAP

run origin  load origin   length   init length attrs members
----------  ----------- ---------- ----------- ----- -------
00000000    00000000    00000788   00000788    r-x
  00000000    00000000    00000208   00000208    r-- .intvecs
  00000208    00000208    00000536   00000536    r-x .text
  00000740    00000740    00000048   00000048    r-- .cinit
20000000    20000000    00000231   00000000    rw-
  20000000    20000000    00000200   00000000    rw- .stack
  20000200    20000200    00000030   00000000    rw- .data
  20000230    20000230    00000001   00000000    rw- .bss


SECTION ALLOCATION MAP

 output                                  attributes/
section   page    origin      length       input sections
--------  ----  ----------  ----------   ----------------
.intvecs   0    00000000    00000208     
                  00000000    00000208     tm4c1294ncpdt_startup_ccs.obj (.intvecs)

.text      0    00000208    00000536     
                  00000208    0000037c     main.obj (.text)
                  00000584    0000009c     rtsv7M4_T_le_v4SPD16_eabi.lib : memcpy_t2.asm.obj (.text)
                  00000620    00000068                                   : copy_decompress_lzss.c.obj (.text:decompress:lzss:__TI_decompress_lzss)
                  00000688    00000044                                   : autoinit.c.obj (.text:__TI_auto_init_nobinit_nopinit:__TI_auto_init_nobinit_nopinit)
                  000006cc    00000034                                   : boot_cortex_m.c.obj (.text:_c_int00_noargs:_c_int00_noargs)
                  00000700    0000001c                                   : copy_zero_init.c.obj (.text:decompress:ZI:__TI_zero_init_nomemset:__TI_zero_init_nomemset)
                  0000071c    0000000e                                   : copy_decompress_none.c.obj (.text:decompress:none:__TI_decompress_none)
                  0000072a    0000000c     tm4c1294ncpdt_startup_ccs.obj (.text)
                  00000736    00000004     rtsv7M4_T_le_v4SPD16_eabi.lib : pre_init.c.obj (.text:_system_pre_init)
                  0000073a    00000004                                   : exit.c.obj (.text:abort:abort)

.cinit     0    00000740    00000048     
                  00000740    0000001f     (.cinit..data.load) [load image, compression = lzss]
                  0000075f    00000001     --HOLE-- [fill = 0]
                  00000760    0000000c     (__TI_handler_table)
                  0000076c    00000004     --HOLE-- [fill = 0]
                  00000770    00000008     (.cinit..bss.load) [load image, compression = zero_init]
                  00000778    00000010     (__TI_cinit_table)

.init_array 
*          0    00000000    00000000     UNINITIALIZED

.data      0    20000200    00000030     UNINITIALIZED
                  20000200    00000030     main.obj (.data)

.bss       0    20000230    00000001     UNINITIALIZED
                  20000230    00000001     (.common:error)

.stack     0    20000000    00000200     UNINITIALIZED
                  20000000    00000004     rtsv7M4_T_le_v4SPD16_eabi.lib : boot_cortex_m.c.obj (.stack)
                  20000004    000001fc     --HOLE--

__llvm_prf_cnts 
*          0    20000000    00000000     UNINITIALIZED

MODULE SUMMARY

       Module                          code   ro data   rw data
       ------                          ----   -------   -------
    .\
       main.obj                        892    0         49     
       tm4c1294ncpdt_startup_ccs.obj   12     520       0      
    +--+-------------------------------+------+---------+---------+
       Total:                          904    520       49     
                                                               
    C:\ti\ccs1280\ccs\tools\compiler\ti-cgt-arm_20.2.7.LTS\lib\rtsv7M4_T_le_v4SPD16_eabi.lib
       memcpy_t2.asm.obj               156    0         0      
       copy_decompress_lzss.c.obj      104    0         0      
       autoinit.c.obj                  68     0         0      
       boot_cortex_m.c.obj             52     0         0      
       copy_zero_init.c.obj            28     0         0      
       copy_decompress_none.c.obj      14     0         0      
       exit.c.obj                      4      0         0      
       pre_init.c.obj                  4      0         0      
    +--+-------------------------------+------+---------+---------+
       Total:                          430    0         0      
                                                               
       Stack:                          0      0         512    
       Linker Generated:               0      67        0      
    +--+-------------------------------+------+---------+---------+
       Grand Total:                    1334   587       561    


LINKER GENERATED COPY TABLES

__TI_cinit_table @ 00000778 records: 2, size/record: 8, table size: 16
	.data: load addr=00000740, load size=0000001f bytes, run addr=20000200, run size=00000030 bytes, compression=lzss
	.bss: load addr=00000770, load size=00000008 bytes, run addr=20000230, run size=00000001 bytes, compression=zero_init


LINKER GENERATED HANDLER TABLE

__TI_handler_table @ 00000760 records: 3, size/record: 4, table size: 12
	index: 0, handler: __TI_decompress_lzss
	index: 1, handler: __TI_decompress_none
	index: 2, handler: __TI_zero_init


GLOBAL SYMBOLS: SORTED ALPHABETICALLY BY Name 

address   name                          
-------   ----                          
20000200  AdreDS1307                    
20000208  AdreMin                       
20000204  AdreSec                       
0000073b  C$$EXIT                       
0000029b  CargarFecha                   
000002ef  I2C0_Handler                  
00000209  I2C_Init                      
0000072b  ResetISR                      
2000020c  TPR                           
20000200  __STACK_END                   
00000200  __STACK_SIZE                  
20000200  __STACK_TOP                   
00000778  __TI_CINIT_Base               
00000788  __TI_CINIT_Limit              
00000760  __TI_Handler_Table_Base       
0000076c  __TI_Handler_Table_Limit      
00000689  __TI_auto_init_nobinit_nopinit
00000621  __TI_decompress_lzss          
0000071d  __TI_decompress_none          
ffffffff  __TI_pprof_out_hndl           
ffffffff  __TI_prof_data_size           
ffffffff  __TI_prof_data_start          
00000000  __TI_static_base__            
00000701  __TI_zero_init_nomemset       
00000585  __aeabi_memcpy                
00000585  __aeabi_memcpy4               
00000585  __aeabi_memcpy8               
ffffffff  __binit__                     
ffffffff  __c_args__                    
UNDEFED   __mpu_init                    
20000000  __stack                       
20000000  __start___llvm_prf_cnts       
20000000  __stop___llvm_prf_cnts        
000006cd  _c_int00_noargs               
UNDEFED   _system_post_cinit            
00000737  _system_pre_init              
0000073b  abort                         
20000228  anio                          
ffffffff  binit                         
2000022c  cont                          
2000021c  dia                           
20000230  error                         
0000027b  esperar                       
20000220  fecha                         
00000000  g_pfnVectors                  
20000218  horas                         
000002c5  leerFecha                     
000004f7  main                          
00000585  memcpy                        
20000224  mes                           
20000214  minutos                       
20000210  segundos                      


GLOBAL SYMBOLS: SORTED BY Symbol Address 

address   name                          
-------   ----                          
00000000  __TI_static_base__            
00000000  g_pfnVectors                  
00000200  __STACK_SIZE                  
00000209  I2C_Init                      
0000027b  esperar                       
0000029b  CargarFecha                   
000002c5  leerFecha                     
000002ef  I2C0_Handler                  
000004f7  main                          
00000585  __aeabi_memcpy                
00000585  __aeabi_memcpy4               
00000585  __aeabi_memcpy8               
00000585  memcpy                        
00000621  __TI_decompress_lzss          
00000689  __TI_auto_init_nobinit_nopinit
000006cd  _c_int00_noargs               
00000701  __TI_zero_init_nomemset       
0000071d  __TI_decompress_none          
0000072b  ResetISR                      
00000737  _system_pre_init              
0000073b  C$$EXIT                       
0000073b  abort                         
00000760  __TI_Handler_Table_Base       
0000076c  __TI_Handler_Table_Limit      
00000778  __TI_CINIT_Base               
00000788  __TI_CINIT_Limit              
20000000  __stack                       
20000000  __start___llvm_prf_cnts       
20000000  __stop___llvm_prf_cnts        
20000200  AdreDS1307                    
20000200  __STACK_END                   
20000200  __STACK_TOP                   
20000204  AdreSec                       
20000208  AdreMin                       
2000020c  TPR                           
20000210  segundos                      
20000214  minutos                       
20000218  horas                         
2000021c  dia                           
20000220  fecha                         
20000224  mes                           
20000228  anio                          
2000022c  cont                          
20000230  error                         
ffffffff  __TI_pprof_out_hndl           
ffffffff  __TI_prof_data_size           
ffffffff  __TI_prof_data_start          
ffffffff  __binit__                     
ffffffff  __c_args__                    
ffffffff  binit                         
UNDEFED   __mpu_init                    
UNDEFED   _system_post_cinit            

[52 symbols]
